run_name: tm_s07   controller: tm   started: 2026-09-24T09:01:23Z
src: /a/home/cc/tree/taucc/architec/efratbl/sumo-traffic-generator/paper_rl_vs_tm/app/src/__init__.py
python: Python 3.10.2
sumo: Eclipse SUMO sumo 1.25.0
numpy 1.24.4 torch 2.1.2+cpu sb3 2.1.0
sumo seed: 7
2026-09-24 12:01:39,039 - StandardPipeline - INFO - Prepared output directory: /a/home/cc/architec/efratbl/sumo-traffic-generator/paper_rl_vs_tm/results/runs/tm_s07/workspace
2026-09-24 12:01:39,040 - StandardPipeline - INFO - --- Step 1: Network Generation ---
Success.
2026-09-24 12:01:39,851 - StandardPipeline - INFO - --- Step 2: Zone Generation ---
2026-09-24 12:01:42,023 - StandardPipeline - INFO - --- Step 3: Integrated Edge Splitting with Lane Assignment ---
Post-processing: 108 edges processed, 108 converted to multi-head
2026-09-24 12:02:09,395 - StandardPipeline - INFO - --- Step 4: Network Rebuild ---
2026-09-24 12:02:10,590 - StandardPipeline - INFO - --- Step 5: Edge Attractiveness Assignment ---
2026-09-24 12:04:15,635 - StandardPipeline - INFO - --- Step 6: Vehicle Route Generation ---
2026-09-24 12:04:34,821 - StandardPipeline - INFO - --- Step 7: SUMO Configuration Generation ---
2026-09-24 12:04:34,829 - StandardPipeline - INFO - --- Step 8: Dynamic Simulation ---
2026-09-24 12:04:34,829 - src.orchestration.simulator - INFO - Using TraCI simulator for tree_method (dynamic control)
 Retrying in 1 seconds
2026-09-24 12:14:57,844 - TrafficSimulator - INFO - Simulation completed successfully!
2026-09-24 12:14:57,848 - TrafficSimulator - INFO - === SIMULATION COMPLETED ===
2026-09-24 12:14:57,848 - TrafficSimulator - INFO - Total simulation steps: 7300
2026-09-24 12:14:57,848 - TrafficSimulator - INFO - Vehicles loaded: 22000
2026-09-24 12:14:57,848 - TrafficSimulator - INFO - Vehicles inserted: 18523
2026-09-24 12:14:57,848 - TrafficSimulator - INFO - Vehicles still running: 3234
2026-09-24 12:14:57,848 - TrafficSimulator - INFO - Vehicles waiting: 3477
2026-09-24 12:14:57,848 - TrafficSimulator - INFO - Vehicles arrived: 15289
2026-09-24 12:14:57,848 - TrafficSimulator - INFO - Completion rate: 69.5%
2026-09-24 12:14:57,848 - TrafficSimulator - INFO - Insertion rate: 84.2%
2026-09-24 12:14:57,848 - TrafficSimulator - INFO - Average duration: 835.2s
2026-09-24 12:14:57,848 - TrafficSimulator - INFO - Average waiting time: 577.3s
2026-09-24 12:14:57,848 - TrafficSimulator - INFO - Average time loss: 706.6s
2026-09-24 12:14:57,848 - TrafficSimulator - INFO - Throughput: 7540 veh/h
2026-09-24 12:14:57,848 - TrafficSimulator - INFO - Trip statistics count: 15289
2026-09-24 12:14:57,848 - TrafficSimulator - INFO - Traffic control method: tree_method
