run_name: tm_s10   controller: tm   started: 2026-09-24T09:28:14Z
src: /a/home/cc/tree/taucc/architec/efratbl/sumo-traffic-generator/paper_rl_vs_tm/app/src/__init__.py
python: Python 3.10.2
sumo: Eclipse SUMO sumo 1.25.0
numpy 1.24.4 torch 2.1.2+cpu sb3 2.1.0
sumo seed: 10
2026-09-24 12:28:24,436 - StandardPipeline - INFO - Prepared output directory: /a/home/cc/architec/efratbl/sumo-traffic-generator/paper_rl_vs_tm/results/runs/tm_s10/workspace
2026-09-24 12:28:24,437 - StandardPipeline - INFO - --- Step 1: Network Generation ---
Success.
2026-09-24 12:28:26,138 - StandardPipeline - INFO - --- Step 2: Zone Generation ---
2026-09-24 12:28:27,881 - StandardPipeline - INFO - --- Step 3: Integrated Edge Splitting with Lane Assignment ---
Post-processing: 108 edges processed, 108 converted to multi-head
2026-09-24 12:29:14,967 - StandardPipeline - INFO - --- Step 4: Network Rebuild ---
2026-09-24 12:29:16,315 - StandardPipeline - INFO - --- Step 5: Edge Attractiveness Assignment ---
2026-09-24 12:31:02,339 - StandardPipeline - INFO - --- Step 6: Vehicle Route Generation ---
2026-09-24 12:31:21,639 - StandardPipeline - INFO - --- Step 7: SUMO Configuration Generation ---
2026-09-24 12:31:21,667 - StandardPipeline - INFO - --- Step 8: Dynamic Simulation ---
2026-09-24 12:31:21,667 - src.orchestration.simulator - INFO - Using TraCI simulator for tree_method (dynamic control)
 Retrying in 1 seconds
2026-09-24 12:41:49,499 - TrafficSimulator - INFO - Simulation completed successfully!
2026-09-24 12:41:49,504 - TrafficSimulator - INFO - === SIMULATION COMPLETED ===
2026-09-24 12:41:49,504 - TrafficSimulator - INFO - Total simulation steps: 7300
2026-09-24 12:41:49,504 - TrafficSimulator - INFO - Vehicles loaded: 22000
2026-09-24 12:41:49,504 - TrafficSimulator - INFO - Vehicles inserted: 19213
2026-09-24 12:41:49,504 - TrafficSimulator - INFO - Vehicles still running: 3175
2026-09-24 12:41:49,504 - TrafficSimulator - INFO - Vehicles waiting: 2787
2026-09-24 12:41:49,504 - TrafficSimulator - INFO - Vehicles arrived: 16038
2026-09-24 12:41:49,504 - TrafficSimulator - INFO - Completion rate: 72.9%
2026-09-24 12:41:49,504 - TrafficSimulator - INFO - Insertion rate: 87.3%
2026-09-24 12:41:49,504 - TrafficSimulator - INFO - Average duration: 743.4s
2026-09-24 12:41:49,504 - TrafficSimulator - INFO - Average waiting time: 499.8s
2026-09-24 12:41:49,504 - TrafficSimulator - INFO - Average time loss: 617.5s
2026-09-24 12:41:49,504 - TrafficSimulator - INFO - Throughput: 7909 veh/h
2026-09-24 12:41:49,504 - TrafficSimulator - INFO - Trip statistics count: 16038
2026-09-24 12:41:49,504 - TrafficSimulator - INFO - Traffic control method: tree_method
