run_name: tm_s09   controller: tm   started: 2026-09-24T09:01:23Z
src: /a/home/cc/tree/taucc/architec/efratbl/sumo-traffic-generator/paper_rl_vs_tm/app/src/__init__.py
python: Python 3.10.2
sumo: Eclipse SUMO sumo 1.25.0
numpy 1.24.4 torch 2.1.2+cpu sb3 2.1.0
sumo seed: 9
2026-09-24 12:01:39,039 - StandardPipeline - INFO - Prepared output directory: /a/home/cc/architec/efratbl/sumo-traffic-generator/paper_rl_vs_tm/results/runs/tm_s09/workspace
2026-09-24 12:01:39,040 - StandardPipeline - INFO - --- Step 1: Network Generation ---
Success.
2026-09-24 12:01:39,955 - StandardPipeline - INFO - --- Step 2: Zone Generation ---
2026-09-24 12:01:42,000 - StandardPipeline - INFO - --- Step 3: Integrated Edge Splitting with Lane Assignment ---
Post-processing: 108 edges processed, 108 converted to multi-head
2026-09-24 12:02:10,155 - StandardPipeline - INFO - --- Step 4: Network Rebuild ---
2026-09-24 12:02:11,341 - StandardPipeline - INFO - --- Step 5: Edge Attractiveness Assignment ---
2026-09-24 12:03:54,702 - StandardPipeline - INFO - --- Step 6: Vehicle Route Generation ---
2026-09-24 12:04:14,223 - StandardPipeline - INFO - --- Step 7: SUMO Configuration Generation ---
2026-09-24 12:04:14,230 - StandardPipeline - INFO - --- Step 8: Dynamic Simulation ---
2026-09-24 12:04:14,230 - src.orchestration.simulator - INFO - Using TraCI simulator for tree_method (dynamic control)
 Retrying in 1 seconds
2026-09-24 12:13:18,699 - TrafficSimulator - INFO - Simulation completed successfully!
2026-09-24 12:13:18,707 - TrafficSimulator - INFO - === SIMULATION COMPLETED ===
2026-09-24 12:13:18,708 - TrafficSimulator - INFO - Total simulation steps: 7300
2026-09-24 12:13:18,708 - TrafficSimulator - INFO - Vehicles loaded: 22000
2026-09-24 12:13:18,708 - TrafficSimulator - INFO - Vehicles inserted: 19706
2026-09-24 12:13:18,708 - TrafficSimulator - INFO - Vehicles still running: 2714
2026-09-24 12:13:18,708 - TrafficSimulator - INFO - Vehicles waiting: 2294
2026-09-24 12:13:18,708 - TrafficSimulator - INFO - Vehicles arrived: 16992
2026-09-24 12:13:18,708 - TrafficSimulator - INFO - Completion rate: 77.2%
2026-09-24 12:13:18,708 - TrafficSimulator - INFO - Insertion rate: 89.6%
2026-09-24 12:13:18,708 - TrafficSimulator - INFO - Average duration: 703.3s
2026-09-24 12:13:18,708 - TrafficSimulator - INFO - Average waiting time: 465.9s
2026-09-24 12:13:18,708 - TrafficSimulator - INFO - Average time loss: 578.6s
2026-09-24 12:13:18,708 - TrafficSimulator - INFO - Throughput: 8380 veh/h
2026-09-24 12:13:18,708 - TrafficSimulator - INFO - Trip statistics count: 16992
2026-09-24 12:13:18,708 - TrafficSimulator - INFO - Traffic control method: tree_method
