run_name: tm_s06   controller: tm   started: 2026-09-24T09:27:21Z
src: /a/home/cc/tree/taucc/architec/efratbl/sumo-traffic-generator/paper_rl_vs_tm/app/src/__init__.py
python: Python 3.10.2
sumo: Eclipse SUMO sumo 1.25.0
numpy 1.24.4 torch 2.1.2+cpu sb3 2.1.0
sumo seed: 6
2026-09-24 12:27:37,995 - StandardPipeline - INFO - Prepared output directory: /a/home/cc/architec/efratbl/sumo-traffic-generator/paper_rl_vs_tm/results/runs/tm_s06/workspace
2026-09-24 12:27:38,010 - StandardPipeline - INFO - --- Step 1: Network Generation ---
Success.
2026-09-24 12:27:38,963 - StandardPipeline - INFO - --- Step 2: Zone Generation ---
2026-09-24 12:27:41,102 - StandardPipeline - INFO - --- Step 3: Integrated Edge Splitting with Lane Assignment ---
Post-processing: 108 edges processed, 108 converted to multi-head
2026-09-24 12:28:11,492 - StandardPipeline - INFO - --- Step 4: Network Rebuild ---
2026-09-24 12:28:12,781 - StandardPipeline - INFO - --- Step 5: Edge Attractiveness Assignment ---
2026-09-24 12:29:55,132 - StandardPipeline - INFO - --- Step 6: Vehicle Route Generation ---
2026-09-24 12:30:13,070 - StandardPipeline - INFO - --- Step 7: SUMO Configuration Generation ---
2026-09-24 12:30:13,082 - StandardPipeline - INFO - --- Step 8: Dynamic Simulation ---
2026-09-24 12:30:13,082 - src.orchestration.simulator - INFO - Using TraCI simulator for tree_method (dynamic control)
 Retrying in 1 seconds
2026-09-24 12:38:58,547 - TrafficSimulator - INFO - Simulation completed successfully!
2026-09-24 12:38:58,555 - TrafficSimulator - INFO - === SIMULATION COMPLETED ===
2026-09-24 12:38:58,555 - TrafficSimulator - INFO - Total simulation steps: 7300
2026-09-24 12:38:58,555 - TrafficSimulator - INFO - Vehicles loaded: 22000
2026-09-24 12:38:58,555 - TrafficSimulator - INFO - Vehicles inserted: 19734
2026-09-24 12:38:58,555 - TrafficSimulator - INFO - Vehicles still running: 2513
2026-09-24 12:38:58,555 - TrafficSimulator - INFO - Vehicles waiting: 2266
2026-09-24 12:38:58,555 - TrafficSimulator - INFO - Vehicles arrived: 17221
2026-09-24 12:38:58,555 - TrafficSimulator - INFO - Completion rate: 78.3%
2026-09-24 12:38:58,555 - TrafficSimulator - INFO - Insertion rate: 89.7%
2026-09-24 12:38:58,555 - TrafficSimulator - INFO - Average duration: 687.4s
2026-09-24 12:38:58,555 - TrafficSimulator - INFO - Average waiting time: 451.2s
2026-09-24 12:38:58,555 - TrafficSimulator - INFO - Average time loss: 562.4s
2026-09-24 12:38:58,555 - TrafficSimulator - INFO - Throughput: 8493 veh/h
2026-09-24 12:38:58,555 - TrafficSimulator - INFO - Trip statistics count: 17221
2026-09-24 12:38:58,555 - TrafficSimulator - INFO - Traffic control method: tree_method
