run_name: tm_s08   controller: tm   started: 2026-09-24T09:30:14Z
src: /a/home/cc/tree/taucc/architec/efratbl/sumo-traffic-generator/paper_rl_vs_tm/app/src/__init__.py
python: Python 3.10.2
sumo: Eclipse SUMO sumo 1.25.0
numpy 1.24.4 torch 2.1.2+cpu sb3 2.1.0
sumo seed: 8
2026-09-24 12:30:26,592 - StandardPipeline - INFO - Prepared output directory: /a/home/cc/architec/efratbl/sumo-traffic-generator/paper_rl_vs_tm/results/runs/tm_s08/workspace
2026-09-24 12:30:26,592 - StandardPipeline - INFO - --- Step 1: Network Generation ---
Success.
2026-09-24 12:30:27,355 - StandardPipeline - INFO - --- Step 2: Zone Generation ---
2026-09-24 12:30:29,137 - StandardPipeline - INFO - --- Step 3: Integrated Edge Splitting with Lane Assignment ---
Post-processing: 108 edges processed, 108 converted to multi-head
2026-09-24 12:30:57,369 - StandardPipeline - INFO - --- Step 4: Network Rebuild ---
2026-09-24 12:30:58,518 - StandardPipeline - INFO - --- Step 5: Edge Attractiveness Assignment ---
2026-09-24 12:32:50,703 - StandardPipeline - INFO - --- Step 6: Vehicle Route Generation ---
2026-09-24 12:33:10,511 - StandardPipeline - INFO - --- Step 7: SUMO Configuration Generation ---
2026-09-24 12:33:10,535 - StandardPipeline - INFO - --- Step 8: Dynamic Simulation ---
2026-09-24 12:33:10,535 - src.orchestration.simulator - INFO - Using TraCI simulator for tree_method (dynamic control)
 Retrying in 1 seconds
2026-09-24 12:41:52,261 - TrafficSimulator - INFO - Simulation completed successfully!
2026-09-24 12:41:52,264 - TrafficSimulator - INFO - === SIMULATION COMPLETED ===
2026-09-24 12:41:52,264 - TrafficSimulator - INFO - Total simulation steps: 7300
2026-09-24 12:41:52,264 - TrafficSimulator - INFO - Vehicles loaded: 22000
2026-09-24 12:41:52,264 - TrafficSimulator - INFO - Vehicles inserted: 19162
2026-09-24 12:41:52,264 - TrafficSimulator - INFO - Vehicles still running: 2730
2026-09-24 12:41:52,264 - TrafficSimulator - INFO - Vehicles waiting: 2838
2026-09-24 12:41:52,264 - TrafficSimulator - INFO - Vehicles arrived: 16432
2026-09-24 12:41:52,265 - TrafficSimulator - INFO - Completion rate: 74.7%
2026-09-24 12:41:52,265 - TrafficSimulator - INFO - Insertion rate: 87.1%
2026-09-24 12:41:52,265 - TrafficSimulator - INFO - Average duration: 741.4s
2026-09-24 12:41:52,265 - TrafficSimulator - INFO - Average waiting time: 498.7s
2026-09-24 12:41:52,265 - TrafficSimulator - INFO - Average time loss: 616.0s
2026-09-24 12:41:52,265 - TrafficSimulator - INFO - Throughput: 8103 veh/h
2026-09-24 12:41:52,265 - TrafficSimulator - INFO - Trip statistics count: 16432
2026-09-24 12:41:52,265 - TrafficSimulator - INFO - Traffic control method: tree_method
