run_name: tm_s01   controller: tm   started: 2026-09-23T19:29:34Z
src: /a/home/cc/tree/taucc/architec/efratbl/sumo-traffic-generator/paper_rl_vs_tm/app/src/__init__.py
python: Python 3.10.2
sumo: Eclipse SUMO sumo 1.25.0
numpy 1.24.4 torch 2.1.2+cpu sb3 2.1.0
sumo seed: 1
2026-09-23 22:29:53,950 - StandardPipeline - INFO - Prepared output directory: /a/home/cc/architec/efratbl/sumo-traffic-generator/paper_rl_vs_tm/results/runs/tm_s01/workspace
2026-09-23 22:29:53,951 - StandardPipeline - INFO - --- Step 1: Network Generation ---
Success.
2026-09-23 22:29:55,482 - StandardPipeline - INFO - --- Step 2: Zone Generation ---
2026-09-23 22:29:58,883 - StandardPipeline - INFO - --- Step 3: Integrated Edge Splitting with Lane Assignment ---
Post-processing: 108 edges processed, 108 converted to multi-head
2026-09-23 22:30:29,447 - StandardPipeline - INFO - --- Step 4: Network Rebuild ---
2026-09-23 22:30:30,612 - StandardPipeline - INFO - --- Step 5: Edge Attractiveness Assignment ---
2026-09-23 22:32:20,280 - StandardPipeline - INFO - --- Step 6: Vehicle Route Generation ---
2026-09-23 22:32:40,635 - StandardPipeline - INFO - --- Step 7: SUMO Configuration Generation ---
2026-09-23 22:32:40,641 - StandardPipeline - INFO - --- Step 8: Dynamic Simulation ---
2026-09-23 22:32:40,641 - src.orchestration.simulator - INFO - Using TraCI simulator for tree_method (dynamic control)
 Retrying in 1 seconds
2026-09-23 22:42:11,652 - TrafficSimulator - INFO - Simulation completed successfully!
2026-09-23 22:42:11,655 - TrafficSimulator - INFO - === SIMULATION COMPLETED ===
2026-09-23 22:42:11,655 - TrafficSimulator - INFO - Total simulation steps: 7300
2026-09-23 22:42:11,656 - TrafficSimulator - INFO - Vehicles loaded: 22000
2026-09-23 22:42:11,656 - TrafficSimulator - INFO - Vehicles inserted: 18420
2026-09-23 22:42:11,656 - TrafficSimulator - INFO - Vehicles still running: 3539
2026-09-23 22:42:11,656 - TrafficSimulator - INFO - Vehicles waiting: 3580
2026-09-23 22:42:11,656 - TrafficSimulator - INFO - Vehicles arrived: 14881
2026-09-23 22:42:11,656 - TrafficSimulator - INFO - Completion rate: 67.6%
2026-09-23 22:42:11,656 - TrafficSimulator - INFO - Insertion rate: 83.7%
2026-09-23 22:42:11,656 - TrafficSimulator - INFO - Average duration: 839.0s
2026-09-23 22:42:11,656 - TrafficSimulator - INFO - Average waiting time: 575.7s
2026-09-23 22:42:11,656 - TrafficSimulator - INFO - Average time loss: 707.6s
2026-09-23 22:42:11,656 - TrafficSimulator - INFO - Throughput: 7339 veh/h
2026-09-23 22:42:11,656 - TrafficSimulator - INFO - Trip statistics count: 14881
2026-09-23 22:42:11,656 - TrafficSimulator - INFO - Traffic control method: tree_method
