run_name: tm_ref   controller: tm   started: 2026-09-23T10:26:28Z
src: /a/home/cc/tree/taucc/architec/efratbl/sumo-traffic-generator/paper_rl_vs_tm/app/src/__init__.py
python: Python 3.10.2
sumo: Eclipse SUMO sumo 1.25.0
numpy 1.24.4 torch 2.1.2+cpu sb3 2.1.0
2026-09-23 13:26:39,817 - StandardPipeline - INFO - Prepared output directory: /a/home/cc/architec/efratbl/sumo-traffic-generator/paper_rl_vs_tm/results/runs/tm_ref/workspace
2026-09-23 13:26:39,818 - StandardPipeline - INFO - --- Step 1: Network Generation ---
Success.
2026-09-23 13:26:40,580 - StandardPipeline - INFO - --- Step 2: Zone Generation ---
2026-09-23 13:26:42,352 - StandardPipeline - INFO - --- Step 3: Integrated Edge Splitting with Lane Assignment ---
Post-processing: 108 edges processed, 108 converted to multi-head
2026-09-23 13:27:08,587 - StandardPipeline - INFO - --- Step 4: Network Rebuild ---
2026-09-23 13:27:09,665 - StandardPipeline - INFO - --- Step 5: Edge Attractiveness Assignment ---
2026-09-23 13:28:46,102 - StandardPipeline - INFO - --- Step 6: Vehicle Route Generation ---
2026-09-23 13:29:03,488 - StandardPipeline - INFO - --- Step 7: SUMO Configuration Generation ---
2026-09-23 13:29:03,494 - StandardPipeline - INFO - --- Step 8: Dynamic Simulation ---
2026-09-23 13:29:03,494 - src.orchestration.simulator - INFO - Using TraCI simulator for tree_method (dynamic control)
 Retrying in 1 seconds
2026-09-23 13:37:19,569 - TrafficSimulator - INFO - Simulation completed successfully!
2026-09-23 13:37:19,576 - TrafficSimulator - INFO - === SIMULATION COMPLETED ===
2026-09-23 13:37:19,576 - TrafficSimulator - INFO - Total simulation steps: 7300
2026-09-23 13:37:19,576 - TrafficSimulator - INFO - Vehicles loaded: 22000
2026-09-23 13:37:19,576 - TrafficSimulator - INFO - Vehicles inserted: 19452
2026-09-23 13:37:19,576 - TrafficSimulator - INFO - Vehicles still running: 2837
2026-09-23 13:37:19,577 - TrafficSimulator - INFO - Vehicles waiting: 2548
2026-09-23 13:37:19,577 - TrafficSimulator - INFO - Vehicles arrived: 16615
2026-09-23 13:37:19,577 - TrafficSimulator - INFO - Completion rate: 75.5%
2026-09-23 13:37:19,577 - TrafficSimulator - INFO - Insertion rate: 88.4%
2026-09-23 13:37:19,577 - TrafficSimulator - INFO - Average duration: 727.0s
2026-09-23 13:37:19,577 - TrafficSimulator - INFO - Average waiting time: 484.6s
2026-09-23 13:37:19,577 - TrafficSimulator - INFO - Average time loss: 600.6s
2026-09-23 13:37:19,577 - TrafficSimulator - INFO - Throughput: 8194 veh/h
2026-09-23 13:37:19,577 - TrafficSimulator - INFO - Trip statistics count: 16615
2026-09-23 13:37:19,577 - TrafficSimulator - INFO - Traffic control method: tree_method
