run_name: tm_s03   controller: tm   started: 2026-09-24T09:01:23Z
src: /a/home/cc/tree/taucc/architec/efratbl/sumo-traffic-generator/paper_rl_vs_tm/app/src/__init__.py
python: Python 3.10.2
sumo: Eclipse SUMO sumo 1.25.0
numpy 1.24.4 torch 2.1.2+cpu sb3 2.1.0
sumo seed: 3
2026-09-24 12:01:39,039 - StandardPipeline - INFO - Prepared output directory: /a/home/cc/architec/efratbl/sumo-traffic-generator/paper_rl_vs_tm/results/runs/tm_s03/workspace
2026-09-24 12:01:39,039 - StandardPipeline - INFO - --- Step 1: Network Generation ---
Success.
2026-09-24 12:01:39,971 - StandardPipeline - INFO - --- Step 2: Zone Generation ---
2026-09-24 12:01:42,000 - StandardPipeline - INFO - --- Step 3: Integrated Edge Splitting with Lane Assignment ---
Post-processing: 108 edges processed, 108 converted to multi-head
2026-09-24 12:02:12,776 - StandardPipeline - INFO - --- Step 4: Network Rebuild ---
2026-09-24 12:02:13,920 - StandardPipeline - INFO - --- Step 5: Edge Attractiveness Assignment ---
2026-09-24 12:04:10,123 - StandardPipeline - INFO - --- Step 6: Vehicle Route Generation ---
2026-09-24 12:04:30,357 - StandardPipeline - INFO - --- Step 7: SUMO Configuration Generation ---
2026-09-24 12:04:30,369 - StandardPipeline - INFO - --- Step 8: Dynamic Simulation ---
2026-09-24 12:04:30,370 - src.orchestration.simulator - INFO - Using TraCI simulator for tree_method (dynamic control)
 Retrying in 1 seconds
2026-09-24 12:14:22,871 - TrafficSimulator - INFO - Simulation completed successfully!
2026-09-24 12:14:22,876 - TrafficSimulator - INFO - === SIMULATION COMPLETED ===
2026-09-24 12:14:22,877 - TrafficSimulator - INFO - Total simulation steps: 7300
2026-09-24 12:14:22,877 - TrafficSimulator - INFO - Vehicles loaded: 22000
2026-09-24 12:14:22,877 - TrafficSimulator - INFO - Vehicles inserted: 18591
2026-09-24 12:14:22,877 - TrafficSimulator - INFO - Vehicles still running: 3170
2026-09-24 12:14:22,877 - TrafficSimulator - INFO - Vehicles waiting: 3409
2026-09-24 12:14:22,877 - TrafficSimulator - INFO - Vehicles arrived: 15421
2026-09-24 12:14:22,877 - TrafficSimulator - INFO - Completion rate: 70.1%
2026-09-24 12:14:22,877 - TrafficSimulator - INFO - Insertion rate: 84.5%
2026-09-24 12:14:22,877 - TrafficSimulator - INFO - Average duration: 824.8s
2026-09-24 12:14:22,877 - TrafficSimulator - INFO - Average waiting time: 568.2s
2026-09-24 12:14:22,877 - TrafficSimulator - INFO - Average time loss: 696.5s
2026-09-24 12:14:22,877 - TrafficSimulator - INFO - Throughput: 7605 veh/h
2026-09-24 12:14:22,877 - TrafficSimulator - INFO - Trip statistics count: 15421
2026-09-24 12:14:22,877 - TrafficSimulator - INFO - Traffic control method: tree_method
