run_name: tm_s02   controller: tm   started: 2026-09-23T19:29:34Z
src: /a/home/cc/tree/taucc/architec/efratbl/sumo-traffic-generator/paper_rl_vs_tm/app/src/__init__.py
python: Python 3.10.2
sumo: Eclipse SUMO sumo 1.25.0
numpy 1.24.4 torch 2.1.2+cpu sb3 2.1.0
sumo seed: 2
2026-09-23 22:29:53,958 - StandardPipeline - INFO - Prepared output directory: /a/home/cc/architec/efratbl/sumo-traffic-generator/paper_rl_vs_tm/results/runs/tm_s02/workspace
2026-09-23 22:29:53,958 - StandardPipeline - INFO - --- Step 1: Network Generation ---
Success.
2026-09-23 22:29:55,608 - StandardPipeline - INFO - --- Step 2: Zone Generation ---
2026-09-23 22:29:58,941 - StandardPipeline - INFO - --- Step 3: Integrated Edge Splitting with Lane Assignment ---
Post-processing: 108 edges processed, 108 converted to multi-head
2026-09-23 22:30:29,816 - StandardPipeline - INFO - --- Step 4: Network Rebuild ---
2026-09-23 22:30:30,908 - StandardPipeline - INFO - --- Step 5: Edge Attractiveness Assignment ---
2026-09-23 22:32:16,552 - StandardPipeline - INFO - --- Step 6: Vehicle Route Generation ---
2026-09-23 22:32:35,849 - StandardPipeline - INFO - --- Step 7: SUMO Configuration Generation ---
2026-09-23 22:32:35,856 - StandardPipeline - INFO - --- Step 8: Dynamic Simulation ---
2026-09-23 22:32:35,856 - src.orchestration.simulator - INFO - Using TraCI simulator for tree_method (dynamic control)
 Retrying in 1 seconds
2026-09-23 22:41:59,624 - TrafficSimulator - INFO - Simulation completed successfully!
2026-09-23 22:41:59,627 - TrafficSimulator - INFO - === SIMULATION COMPLETED ===
2026-09-23 22:41:59,627 - TrafficSimulator - INFO - Total simulation steps: 7300
2026-09-23 22:41:59,627 - TrafficSimulator - INFO - Vehicles loaded: 22000
2026-09-23 22:41:59,627 - TrafficSimulator - INFO - Vehicles inserted: 18540
2026-09-23 22:41:59,627 - TrafficSimulator - INFO - Vehicles still running: 3309
2026-09-23 22:41:59,627 - TrafficSimulator - INFO - Vehicles waiting: 3460
2026-09-23 22:41:59,627 - TrafficSimulator - INFO - Vehicles arrived: 15231
2026-09-23 22:41:59,627 - TrafficSimulator - INFO - Completion rate: 69.2%
2026-09-23 22:41:59,627 - TrafficSimulator - INFO - Insertion rate: 84.3%
2026-09-23 22:41:59,627 - TrafficSimulator - INFO - Average duration: 808.8s
2026-09-23 22:41:59,627 - TrafficSimulator - INFO - Average waiting time: 552.7s
2026-09-23 22:41:59,628 - TrafficSimulator - INFO - Average time loss: 678.8s
2026-09-23 22:41:59,628 - TrafficSimulator - INFO - Throughput: 7511 veh/h
2026-09-23 22:41:59,628 - TrafficSimulator - INFO - Trip statistics count: 15231
2026-09-23 22:41:59,628 - TrafficSimulator - INFO - Traffic control method: tree_method
